// Jest Snapshot v1, https://goo.gl/fbAQLP

exports[`Should render App correctly 1`] = `
<div
  className="App"
>
  <div
    className="Navbar-top"
  />
  <nav>
    <img
      alt="stukent"
      src="stukentLogo.png"
    />
  </nav>
  <header
    style={
      Object {
        "backgroundImage": "url(headerImage.jpg)",
      }
    }
  >
    <div
      className="HeaderText"
    >
      <h1>
        Malki can help Stukent teach the world digital marketing. 
      </h1>
    </div>
    <a
      className="Button"
      href="mailto:md01@me.com?Subject=We%20want%20you%20to%20join%20Stukent!"
      target="_top"
    >
      <p>
        REQUEST MALKI
      </p>
    </a>
  </header>
  <div
    className="Banner"
  >
    <h2>
      SEE HOW MALKI CAN MAKE STUKENT'S LIFE EASIER
    </h2>
    <img
      alt="down arrow"
      className="Arrow"
      src="arrowWhite.png"
    />
  </div>
</div>
`;
